{
    "title": "テストTODO",
    "body": "これはテスト用のTODOなのだ"
}